// Jest Snapshot v1, https://goo.gl/fbAQLP

exports[`Box component Box renders correctly 1`] = `
<div>
  <div
    className="root"
  >
    Box component
  </div>
  <div
    className="root tight"
  >
    isTight true
  </div>
  <div
    className="root"
  >
    isTight false
  </div>
  <div
    className="root roomy"
  >
    isRoomy true
  </div>
  <div
    className="root"
  >
    isRoomy false
  </div>
</div>
`;
