// Jest Snapshot v1, https://goo.gl/fbAQLP

exports[`Grid component Grid renders correctly 1`] = `
<div>
  <div
    className="root col1 colMedium1 colLarge1"
  >
    <div>
      Item
    </div>
    <div>
      Item
    </div>
    <div>
      Item
    </div>
  </div>
  <div
    className="root col1 colMedium1 colLarge1"
  >
    <div>
      Item
    </div>
    <div>
      Item
    </div>
    <div>
      Item
    </div>
  </div>
  <div
    className="root col1 colMedium1 colLarge1"
  >
    <div>
      Item
    </div>
    <div>
      Item
    </div>
    <div>
      Item
    </div>
  </div>
  <div
    className="root col1 colMedium1 colLarge1"
  >
    <div>
      Item
    </div>
    <div>
      Item
    </div>
    <div>
      Item
    </div>
  </div>
  <div
    className="root col1 colMedium1 colLarge1"
  >
    <div>
      Item
    </div>
    <div>
      Item
    </div>
    <div>
      Item
    </div>
  </div>
  <div
    className="root col1 colMedium1 colLarge1"
  >
    <div>
      Item
    </div>
    <div>
      Item
    </div>
    <div>
      Item
    </div>
  </div>
  <div
    className="root col1 colMedium1 colLarge1"
  >
    <div>
      Item
    </div>
    <div>
      Item
    </div>
    <div>
      Item
    </div>
  </div>
  <div
    className="root col1 colMedium1 colLarge1 breakInside__auto"
  >
    <div>
      Item
    </div>
    <div>
      Item
    </div>
    <div>
      Item
    </div>
  </div>
  <div
    className="root col1 colMedium1 colLarge1"
  >
    <div>
      Item
    </div>
    <div>
      Item
    </div>
    <div>
      Item
    </div>
  </div>
</div>
`;
