// Jest Snapshot v1, https://goo.gl/fbAQLP

exports[`OrderedList component OrderedList renders correctly 1`] = `
<div>
  <ol
    className="root"
  >
    <li
      className="listItem"
    >
      one
    </li>
    <li
      className="listItem"
    >
      two
    </li>
    <li
      className="listItem"
    >
      three
    </li>
  </ol>
  <ol
    className="root horizontal"
  >
    <li
      className="listItem"
    >
      one
    </li>
    <li
      className="listItem"
    >
      two
    </li>
    <li
      className="listItem"
    >
      three
    </li>
  </ol>
  <ol
    className="root"
  >
    <li
      className="listItem"
    >
      one
      <ol
        className="root"
      >
        <li
          className="listItem"
        >
          one
        </li>
        <li
          className="listItem"
        >
          two
        </li>
        <li
          className="listItem"
        >
          three
        </li>
      </ol>
    </li>
    <li
      className="listItem"
    >
      two
      <ol
        className="root"
      >
        <li
          className="listItem"
        >
          one
        </li>
        <li
          className="listItem"
        >
          two
        </li>
        <li
          className="listItem"
        >
          three
        </li>
      </ol>
    </li>
    <li
      className="listItem"
    >
      three
      <ol
        className="root"
      >
        <li
          className="listItem"
        >
          one
        </li>
        <li
          className="listItem"
        >
          two
        </li>
        <li
          className="listItem"
        >
          three
        </li>
      </ol>
    </li>
  </ol>
</div>
`;
