// Jest Snapshot v1, https://goo.gl/fbAQLP

exports[`Skills component Skills renders correctly 1`] = `
<div
  className="root start"
>
  <div
    className="root col1 colMedium2 colLarge3 breakInside__avoid"
  >
    <div
      className="list"
    >
      <h2
        className="h2"
      >
        APIs
      </h2>
      <ul
        className="list"
      >
        <li
          className="item"
        >
          <div
            className="root tight"
          >
            <span
              className="itemText"
            >
              Facebook
            </span>
          </div>
        </li>
        <li
          className="item"
        >
          <div
            className="root tight"
          >
            <span
              className="itemText"
            >
              Slack
            </span>
          </div>
        </li>
        <li
          className="item"
        >
          <div
            className="root tight"
          >
            <span
              className="itemText"
            >
              Google Places
            </span>
          </div>
        </li>
      </ul>
    </div>
  </div>
</div>
`;
