// Jest Snapshot v1, https://goo.gl/fbAQLP

exports[`TagsList component TagsList renders correctly 1`] = `
<div>
  <ul
    className="root"
  >
    <li
      className="listItem"
    >
      <div>
        one
      </div>
    </li>
    <li
      className="listItem"
    >
      <div>
        two
      </div>
    </li>
    <li
      className="listItem"
    >
      <div>
        three
      </div>
    </li>
  </ul>
  <ul
    className="root"
  >
    <li
      className="listItem"
    >
      <div>
        one
      </div>
    </li>
    <li
      className="listItem"
    >
      <div>
        two
      </div>
    </li>
    <li
      className="listItem"
    >
      <div>
        three
      </div>
    </li>
  </ul>
  <ul
    className="root"
  >
    <li
      className="listItem"
    >
      <div>
        one
      </div>
    </li>
    <li
      className="listItem"
    >
      <div>
        two
      </div>
    </li>
    <li
      className="listItem"
    >
      <div>
        three
      </div>
    </li>
  </ul>
</div>
`;
