// Jest Snapshot v1, https://goo.gl/fbAQLP

exports[`UnorderedList component UnorderedList renders correctly 1`] = `
<div>
  <ul
    className="root"
  >
    <li
      className="listItem"
    >
      one
    </li>
    <li
      className="listItem"
    >
      two
    </li>
    <li
      className="listItem"
    >
      three
    </li>
  </ul>
  <ul
    className="root horizontal"
  >
    <li
      className="listItem"
    >
      one
    </li>
    <li
      className="listItem"
    >
      two
    </li>
    <li
      className="listItem"
    >
      three
    </li>
  </ul>
  <ul
    className="root"
  >
    <li
      className="listItem"
    >
      one
      <ul
        className="root"
      >
        <li
          className="listItem"
        >
          one
        </li>
        <li
          className="listItem"
        >
          two
        </li>
        <li
          className="listItem"
        >
          three
        </li>
      </ul>
    </li>
    <li
      className="listItem"
    >
      two
      <ul
        className="root"
      >
        <li
          className="listItem"
        >
          one
        </li>
        <li
          className="listItem"
        >
          two
        </li>
        <li
          className="listItem"
        >
          three
        </li>
      </ul>
    </li>
    <li
      className="listItem"
    >
      three
      <ul
        className="root"
      >
        <li
          className="listItem"
        >
          one
        </li>
        <li
          className="listItem"
        >
          two
        </li>
        <li
          className="listItem"
        >
          three
        </li>
      </ul>
    </li>
  </ul>
</div>
`;
